[debug] [2025-05-01T05:51:26.140Z] ----------------------------------------------------------------------
[debug] [2025-05-01T05:51:26.143Z] Command:       /home/vinod/.nvm/versions/node/v20.16.0/bin/node /home/vinod/.nvm/versions/node/v20.16.0/bin/firebase deploy
[debug] [2025-05-01T05:51:26.143Z] CLI Version:   14.2.2
[debug] [2025-05-01T05:51:26.144Z] Platform:      linux
[debug] [2025-05-01T05:51:26.144Z] Node Version:  v20.16.0
[debug] [2025-05-01T05:51:26.144Z] Time:          Thu May 01 2025 11:21:26 GMT+0530 (India Standard Time)
[debug] [2025-05-01T05:51:26.144Z] ----------------------------------------------------------------------
[debug] 
[debug] [2025-05-01T05:51:26.147Z] >>> [apiv2][query] GET https://firebase-public.firebaseio.com/cli.json [none]
[debug] [2025-05-01T05:51:26.487Z] > command requires scopes: ["email","openid","https://www.googleapis.com/auth/cloudplatformprojects.readonly","https://www.googleapis.com/auth/firebase","https://www.googleapis.com/auth/cloud-platform"]
[debug] [2025-05-01T05:51:26.488Z] > authorizing via signed-in user (aame.manager@gmail.com)
[debug] [2025-05-01T05:51:26.488Z] [iam] checking project validateyaml for permissions ["firebase.projects.get","firebasehosting.sites.update"]
[debug] [2025-05-01T05:51:26.489Z] Checked if tokens are valid: false, expires at: 1733905351001
[debug] [2025-05-01T05:51:26.489Z] Checked if tokens are valid: false, expires at: 1733905351001
[debug] [2025-05-01T05:51:26.489Z] > refreshing access token with scopes: []
[debug] [2025-05-01T05:51:26.490Z] >>> [apiv2][query] POST https://www.googleapis.com/oauth2/v3/token [none]
[debug] [2025-05-01T05:51:26.491Z] >>> [apiv2][body] POST https://www.googleapis.com/oauth2/v3/token [omitted]
[debug] [2025-05-01T05:51:26.806Z] <<< [apiv2][status] POST https://www.googleapis.com/oauth2/v3/token 200
[debug] [2025-05-01T05:51:26.806Z] <<< [apiv2][body] POST https://www.googleapis.com/oauth2/v3/token [omitted]
[debug] [2025-05-01T05:51:26.812Z] >>> [apiv2][query] POST https://cloudresourcemanager.googleapis.com/v1/projects/validateyaml:testIamPermissions [none]
[debug] [2025-05-01T05:51:26.812Z] >>> [apiv2][(partial)header] POST https://cloudresourcemanager.googleapis.com/v1/projects/validateyaml:testIamPermissions x-goog-quota-user=projects/validateyaml
[debug] [2025-05-01T05:51:26.812Z] >>> [apiv2][body] POST https://cloudresourcemanager.googleapis.com/v1/projects/validateyaml:testIamPermissions {"permissions":["firebase.projects.get","firebasehosting.sites.update"]}
[debug] [2025-05-01T05:51:27.144Z] <<< [apiv2][status] GET https://firebase-public.firebaseio.com/cli.json 200
[debug] [2025-05-01T05:51:27.144Z] <<< [apiv2][body] GET https://firebase-public.firebaseio.com/cli.json {"cloudBuildErrorAfter":1594252800000,"cloudBuildWarnAfter":1590019200000,"defaultNode10After":1594252800000,"minVersion":"3.0.5","node8DeploysDisabledAfter":1613390400000,"node8RuntimeDisabledAfter":1615809600000,"node8WarnAfter":1600128000000}
[debug] [2025-05-01T05:51:28.367Z] <<< [apiv2][status] POST https://cloudresourcemanager.googleapis.com/v1/projects/validateyaml:testIamPermissions 200
[debug] [2025-05-01T05:51:28.367Z] <<< [apiv2][body] POST https://cloudresourcemanager.googleapis.com/v1/projects/validateyaml:testIamPermissions {}
[debug] [2025-05-01T05:51:28.367Z] [iam] error while checking permissions, command may fail: Authorization failed. This account is missing the following required permissions on project validateyaml:

  firebase.projects.get
  firebasehosting.sites.update
[debug] [2025-05-01T05:51:28.368Z] Checked if tokens are valid: true, expires at: 1746082285807
[debug] [2025-05-01T05:51:28.368Z] Checked if tokens are valid: true, expires at: 1746082285807
[debug] [2025-05-01T05:51:28.369Z] >>> [apiv2][query] GET https://firebase.googleapis.com/v1beta1/projects/validateyaml [none]
[debug] [2025-05-01T05:51:28.898Z] <<< [apiv2][status] GET https://firebase.googleapis.com/v1beta1/projects/validateyaml 403
[debug] [2025-05-01T05:51:28.899Z] <<< [apiv2][body] GET https://firebase.googleapis.com/v1beta1/projects/validateyaml {"error":{"code":403,"message":"The caller does not have permission","status":"PERMISSION_DENIED"}}
[debug] [2025-05-01T05:51:28.900Z] Request to https://firebase.googleapis.com/v1beta1/projects/validateyaml had HTTP Error: 403, The caller does not have permission
[debug] [2025-05-01T05:51:28.901Z] FirebaseError: Request to https://firebase.googleapis.com/v1beta1/projects/validateyaml had HTTP Error: 403, The caller does not have permission
    at responseToError (/home/vinod/.nvm/versions/node/v20.16.0/lib/node_modules/firebase-tools/lib/responseToError.js:52:12)
    at RetryOperation._fn (/home/vinod/.nvm/versions/node/v20.16.0/lib/node_modules/firebase-tools/lib/apiv2.js:312:77)
    at process.processTicksAndRejections (node:internal/process/task_queues:95:5)
[error] 
[error] Error: Failed to get Firebase project validateyaml. Please make sure the project exists and your account has permission to access it.
